../Core/Src/lcd.c:8:6:ssd1306_Reset	4	static
../Core/Src/lcd.c:13:6:ssd1306_WriteCommand	32	static
../Core/Src/lcd.c:18:6:ssd1306_WriteData	32	static
../Core/Src/lcd.c:63:17:ssd1306_FillBuffer	24	static
../Core/Src/lcd.c:73:6:ssd1306_Init	8	static
../Core/Src/lcd.c:175:6:ssd1306_Fill	24	static
../Core/Src/lcd.c:184:6:ssd1306_UpdateScreen	16	static
../Core/Src/lcd.c:205:6:ssd1306_DrawPixel	16	static
../Core/Src/lcd.c:225:6:ssd1306_WriteChar	48	static
../Core/Src/lcd.c:260:6:ssd1306_WriteString	24	static
../Core/Src/lcd.c:274:6:ssd1306_SetCursor	16	static
../Core/Src/lcd.c:280:6:ssd1306_Line	48	static
../Core/Src/lcd.c:307:6:ssd1306_Polyline	40	static
../Core/Src/lcd.c:321:14:ssd1306_DegToRad	16	static
../Core/Src/lcd.c:326:17:ssd1306_NormalizeTo0_360	24	static
../Core/Src/lcd.c:342:6:ssd1306_DrawArc	56	static
../Core/Src/lcd.c:382:6:ssd1306_DrawArcWithRadiusLine	64	static
../Core/Src/lcd.c:425:6:ssd1306_DrawCircle	40	static
../Core/Src/lcd.c:460:6:ssd1306_FillCircle	48	static
../Core/Src/lcd.c:496:6:ssd1306_DrawRectangle	32	static
../Core/Src/lcd.c:506:6:ssd1306_FillRectangle	32	static
../Core/Src/lcd.c:521:6:ssd1306_DrawBitmap	24	static
../Core/Src/lcd.c:545:6:ssd1306_SetContrast	24	static
../Core/Src/lcd.c:551:6:ssd1306_SetDisplayOn	24	static
../Core/Src/lcd.c:563:9:ssd1306_GetDisplayOn	4	static
